// Jest Snapshot v1, https://goo.gl/fbAQLP

exports[`matches snapshot 1`] = `
<DocumentFragment>
  <div>
    <h3>
      To Do List
    </h3>
    <form>
      <label
        for="task"
      >
        To Do: 
      </label>
      <input
        id="task"
        name="task"
        placeholder="To Do"
        type="text"
        value=""
      />
      <button>
        Submit
      </button>
    </form>
    <div />
  </div>
</DocumentFragment>
`;
